{}
{1}
{1, 2, 3, 4}
{}
{3, 6, 9}
{11, 22, 33, 44, 55, 66, 77, 88, 99}
{2, 4}
{6, 12, 18, 24, 30, 36, 42, 48, 54, 60, 66, 72, 78, 84, 90, 96}
{6, 12, 18, 24, 30, 36, 42, 48, 54, 60, 66, 72, 78, 84, 90, 96}
{11, 22, 33, 44, 55, 66, 77, 88, 99}
{15, 30, 45, 60, 75, 90}
{15, 30, 45, 60, 75, 90}
{30, 60, 90}
{15, 30, 45, 60, 75, 90}
